#
# There is insufficient memory for the Java Runtime Environment to continue.
# Native memory allocation (mmap) failed to map 532676608 bytes for G1 virtual space
# Possible reasons:
#   The system is out of physical RAM or swap space
#   The process is running with CompressedOops enabled, and the Java Heap may be blocking the growth of the native heap
# Possible solutions:
#   Reduce memory load on the system
#   Increase physical memory or swap space
#   Check if swap backing store is full
#   Decrease Java heap size (-Xmx/-Xms)
#   Decrease number of Java threads
#   Decrease Java thread stack sizes (-Xss)
#   Set larger code cache with -XX:ReservedCodeCacheSize=
#   JVM is running with Zero Based Compressed Oops mode in which the Java heap is
#     placed in the first 32GB address space. The Java Heap base address is the
#     maximum limit for the native heap growth. Please use -XX:HeapBaseMinAddress
#     to set the Java Heap base and to place the Java Heap above 32GB virtual address.
# This output file may be truncated or incomplete.
#
#  Out of Memory Error (os_windows.cpp:3603), pid=6548, tid=63832
#
# JRE version:  (21.0.6+8) (build )
# Java VM: Java HotSpot(TM) 64-Bit Server VM (21.0.6+8-LTS-188, mixed mode, sharing, tiered, compressed oops, compressed class ptrs, g1 gc, windows-amd64)
# No core dump will be written. Minidumps are not enabled by default on client versions of Windows
#

---------------  S U M M A R Y ------------

Command Line: 

Host: Intel(R) Core(TM) i7-14700, 28 cores, 31G,  Windows 11 , 64 bit Build 26100 (10.0.26100.6725)
Time: Thu Nov 27 04:57:46 2025 Hora oficial do Brasil elapsed time: 0.015594 seconds (0d 0h 0m 0s)

---------------  T H R E A D  ---------------

Current thread (0x00000232e1763760):  JavaThread "Unknown thread" [_thread_in_vm, id=63832, stack(0x000000366d400000,0x000000366d500000) (1024K)]

Stack: [0x000000366d400000,0x000000366d500000]
Native frames: (J=compiled Java code, j=interpreted, Vv=VM code, C=native code)
V  [jvm.dll+0x6ca6d9]
V  [jvm.dll+0x854f51]
V  [jvm.dll+0x85747e]
V  [jvm.dll+0x857b53]
V  [jvm.dll+0x27dcc6]
V  [jvm.dll+0x6c6e55]
V  [jvm.dll+0x6bb9da]
V  [jvm.dll+0x35393a]
V  [jvm.dll+0x35b596]
V  [jvm.dll+0x3adefe]
V  [jvm.dll+0x3ae1a8]
V  [jvm.dll+0x327cbc]
V  [jvm.dll+0x32881b]
V  [jvm.dll+0x81e309]
V  [jvm.dll+0x3babe1]
V  [jvm.dll+0x807658]
V  [jvm.dll+0x44fdae]
V  [jvm.dll+0x4519a1]
C  [jli.dll+0x52a3]
C  [ucrtbase.dll+0x37b0]
C  [KERNEL32.DLL+0x2e8d7]
C  [ntdll.dll+0x8c53c]


---------------  P R O C E S S  ---------------

Threads class SMR info:
_java_thread_list=0x00007ff92d48cc08, length=0, elements={
}

Java Threads: ( => current thread )
Total: 0

Other Threads:
  0x00000232e33c1940 WorkerThread "GC Thread#0"                     [id=64360, stack(0x000000366d500000,0x000000366d600000) (1024K)]
  0x00000232fe0f7f60 ConcurrentGCThread "G1 Main Marker"            [id=63960, stack(0x000000366d600000,0x000000366d700000) (1024K)]
  0x00000232e33ccfa0 WorkerThread "G1 Conc#0"                       [id=63948, stack(0x000000366d700000,0x000000366d800000) (1024K)]

[error occurred during error reporting (printing all threads), id 0xc0000005, EXCEPTION_ACCESS_VIOLATION (0xc0000005) at pc=0x00007ff92cbfa427]
VM state: not at safepoint (not fully initialized)

VM Mutex/Monitor currently owned by a thread:  ([mutex/lock_event])
[0x00007ff92d4fdf98] Heap_lock - owner thread: 0x00000232e1763760

Heap address: 0x0000000604c00000, size: 8116 MB, Compressed Oops mode: Zero based, Oop shift amount: 3

CDS archive(s) mapped at: [0x0000000000000000-0x0000000000000000-0x0000000000000000), size 0, SharedBaseAddress: 0x0000000800000000, ArchiveRelocationMode: 1.
Narrow klass base: 0x0000000000000000, Narrow klass shift: 0, Narrow klass range: 0x0

GC Precious Log:
 CardTable entry size: 512
 Card Set container configuration: InlinePtr #cards 4 size 8 Array Of Cards #cards 32 size 80 Howl #buckets 8 coarsen threshold 7372 Howl Bitmap #cards 1024 size 144 coarsen threshold 921 Card regions per heap region 1 cards per card region 8192

Heap:
 garbage-first heap   total 0K, used 0K [0x0000000604c00000, 0x0000000800000000)
  region size 4096K, 0 young (0K), 0 survivors (0K)

[error occurred during error reporting (printing heap information), id 0xc0000005, EXCEPTION_ACCESS_VIOLATION (0xc0000005) at pc=0x00007ff92cfe36a9]
GC Heap History (0 events):
No events

Dll operation events (1 events):
Event: 0.010 Loaded shared library C:\Program Files\Java\jdk-21\bin\java.dll

Deoptimization events (0 events):
No events

Classes loaded (0 events):
No events

Classes unloaded (0 events):
No events

Classes redefined (0 events):
No events

Internal exceptions (0 events):
No events

ZGC Phase Switch (0 events):
No events

VM Operations (0 events):
No events

Events (0 events):
No events


Dynamic libraries:
0x00007ff6a1ca0000 - 0x00007ff6a1cb0000 	C:\Program Files\Java\jdk-21\bin\java.exe
0x00007ff9fd020000 - 0x00007ff9fd288000 	C:\WINDOWS\SYSTEM32\ntdll.dll
0x00007ff9fbeb0000 - 0x00007ff9fbf79000 	C:\WINDOWS\System32\KERNEL32.DLL
0x00007ff9fa7f0000 - 0x00007ff9fabe2000 	C:\WINDOWS\System32\KERNELBASE.dll
0x00007ff9fa6a0000 - 0x00007ff9fa7eb000 	C:\WINDOWS\System32\ucrtbase.dll
0x00007ff9cf7e0000 - 0x00007ff9cf7fb000 	C:\Program Files\Java\jdk-21\bin\VCRUNTIME140.dll
0x00007ff9c8620000 - 0x00007ff9c8639000 	C:\Program Files\Java\jdk-21\bin\jli.dll
0x00007ff9fb230000 - 0x00007ff9fb2e4000 	C:\WINDOWS\System32\ADVAPI32.dll
0x00007ff9fb180000 - 0x00007ff9fb229000 	C:\WINDOWS\System32\msvcrt.dll
0x00007ff9fcf30000 - 0x00007ff9fcfd6000 	C:\WINDOWS\System32\sechost.dll
0x00007ff9fbc30000 - 0x00007ff9fbd48000 	C:\WINDOWS\System32\RPCRT4.dll
0x00007ff9fc570000 - 0x00007ff9fc735000 	C:\WINDOWS\System32\USER32.dll
0x00007ff9fa5c0000 - 0x00007ff9fa5e7000 	C:\WINDOWS\System32\win32u.dll
0x00007ff9dce40000 - 0x00007ff9dd0d3000 	C:\WINDOWS\WinSxS\amd64_microsoft.windows.common-controls_6595b64144ccf1df_6.0.26100.6899_none_3e0efeeae32e88c1\COMCTL32.dll
0x00007ff9fce40000 - 0x00007ff9fce6b000 	C:\WINDOWS\System32\GDI32.dll
0x00007ff9fa3f0000 - 0x00007ff9fa51d000 	C:\WINDOWS\System32\gdi32full.dll
0x00007ff9fa5f0000 - 0x00007ff9fa693000 	C:\WINDOWS\System32\msvcp_win.dll
0x00007ff9f1b90000 - 0x00007ff9f1b9b000 	C:\WINDOWS\SYSTEM32\VERSION.dll
0x00007ff9fcc60000 - 0x00007ff9fcc8f000 	C:\WINDOWS\System32\IMM32.DLL
0x00000232e1ab0000 - 0x00000232e1ac6000 	C:\WINDOWS\System32\umppc20008.dll
0x00000232e32a0000 - 0x00000232e32b4000 	C:\WINDOWS\System32\CsXumd64_20008.dll
0x00007ff9d97a0000 - 0x00007ff9d97ac000 	C:\Program Files\Java\jdk-21\bin\vcruntime140_1.dll
0x00007ff971a50000 - 0x00007ff971ade000 	C:\Program Files\Java\jdk-21\bin\msvcp140.dll
0x00007ff92c8c0000 - 0x00007ff92d5da000 	C:\Program Files\Java\jdk-21\bin\server\jvm.dll
0x00007ff9fbd50000 - 0x00007ff9fbdc4000 	C:\WINDOWS\System32\WS2_32.dll
0x00007ff9f9a20000 - 0x00007ff9f9a7e000 	C:\WINDOWS\SYSTEM32\POWRPROF.dll
0x00007ff9ece00000 - 0x00007ff9ece35000 	C:\WINDOWS\SYSTEM32\WINMM.dll
0x00007ff9f9a00000 - 0x00007ff9f9a14000 	C:\WINDOWS\SYSTEM32\UMPDC.dll
0x00007ff9f8f40000 - 0x00007ff9f8f5b000 	C:\WINDOWS\SYSTEM32\kernel.appcore.dll
0x00007ff9d1e40000 - 0x00007ff9d1e4a000 	C:\Program Files\Java\jdk-21\bin\jimage.dll
0x00007ff9f75b0000 - 0x00007ff9f77f2000 	C:\WINDOWS\SYSTEM32\DBGHELP.DLL
0x00007ff9fc7b0000 - 0x00007ff9fcb2b000 	C:\WINDOWS\System32\combase.dll
0x00007ff9fbdd0000 - 0x00007ff9fbea7000 	C:\WINDOWS\System32\OLEAUT32.dll
0x00007ff9d8f20000 - 0x00007ff9d8f5c000 	C:\WINDOWS\SYSTEM32\dbgcore.DLL
0x00007ff9fa520000 - 0x00007ff9fa5b8000 	C:\WINDOWS\System32\bcryptPrimitives.dll
0x00007ff9c8400000 - 0x00007ff9c841f000 	C:\Program Files\Java\jdk-21\bin\java.dll

dbghelp: loaded successfully - version: 4.0.5 - missing functions: none
symbol engine: initialized successfully - sym options: 0x614 - pdb path: .;C:\Program Files\Java\jdk-21\bin;C:\WINDOWS\SYSTEM32;C:\WINDOWS\WinSxS\amd64_microsoft.windows.common-controls_6595b64144ccf1df_6.0.26100.6899_none_3e0efeeae32e88c1;C:\Program Files\Java\jdk-21\bin\server

VM Arguments:
java_command: <unknown>
java_class_path (initial): <not set>
Launcher Type: SUN_STANDARD

[Global flags]
     intx CICompilerCount                          = 12                                        {product} {ergonomic}
     uint ConcGCThreads                            = 5                                         {product} {ergonomic}
     uint G1ConcRefinementThreads                  = 20                                        {product} {ergonomic}
   size_t G1HeapRegionSize                         = 4194304                                   {product} {ergonomic}
    uintx GCDrainStackTargetSize                   = 64                                        {product} {ergonomic}
   size_t InitialHeapSize                          = 532676608                                 {product} {ergonomic}
   size_t MarkStackSize                            = 4194304                                   {product} {ergonomic}
   size_t MaxHeapSize                              = 8510242816                                {product} {ergonomic}
   size_t MinHeapDeltaBytes                        = 4194304                                   {product} {ergonomic}
   size_t MinHeapSize                              = 8388608                                   {product} {ergonomic}
    uintx NonNMethodCodeHeapSize                   = 7602480                                {pd product} {ergonomic}
    uintx NonProfiledCodeHeapSize                  = 122027880                              {pd product} {ergonomic}
    uintx ProfiledCodeHeapSize                     = 122027880                              {pd product} {ergonomic}
    uintx ReservedCodeCacheSize                    = 251658240                              {pd product} {ergonomic}
     bool SegmentedCodeCache                       = true                                      {product} {ergonomic}
   size_t SoftMaxHeapSize                          = 8510242816                             {manageable} {ergonomic}
     bool UseCompressedOops                        = true                           {product lp64_product} {ergonomic}
     bool UseG1GC                                  = true                                      {product} {ergonomic}
     bool UseLargePagesIndividualAllocation        = false                                  {pd product} {ergonomic}

Logging:
Log output configuration:
 #0: stdout all=warning uptime,level,tags foldmultilines=false
 #1: stderr all=off uptime,level,tags foldmultilines=false

Environment Variables:
PATH=C:\Program Files\Common Files\Oracle\Java\javapath;C:\Program Files (x86)\NVIDIA Corporation\PhysX\Common;C:\Oracle\product\19.0.0\client_2\bin;C:\Oracle\product\19.0.0\client_1\bin;C:\WINDOWS\system32;C:\WINDOWS;C:\WINDOWS\System32\Wbem;C:\WINDOWS\System32\WindowsPowerShell\v1.0\;C:\WINDOWS\System32\OpenSSH\;C:\Program Files (x86)\Windows Kits\8.1\Windows Performance Toolkit\;C:\Program Files\dotnet\;C:\Program Files\Rancher Desktop\resources\resources\win32\bin\;C:\Program Files\Rancher Desktop\resources\resources\win32\docker-cli-plugins\;C:\Program Files\Rancher Desktop\resources\resources\linux\bin\;C:\Program Files\Rancher Desktop\resources\resources\linux\docker-cli-plugins\;C:\Users\tailons\AppData\Local\nvm;C:\nvm4w\nodejs;C:\Program Files\JetBrains\IntelliJ IDEA Community Edition 2024.2.4\bin;C:\Program Files (x86)\IVI Foundation\VISA\WinNT\Bin\;C:\Program Files\IVI Foundation\VISA\Win64\Bin\;C:\Program Files (x86)\National Instruments\Shared\LabVIEW CLI;C:\Program Files (x86)\IVI Foundation\VISA\WinNT\Bin;C:\Program Files (x86)\IVI Foundation\IVI\Bin\;C:\Program Files\IVI Foundation\IVI\Bin\;C:\Program Files\Git\cmd;C:\Program Files\apache-maven-3.9.11\bin;C:\Users\tailons\AppData\Local\Programs\Python\Python310\Scripts\;C:\Users\tailons\AppData\Local\Programs\Python\Python310\;C:\Users\tailons\AppData\Local\Programs\Python\Launcher\;C:\Program Files\MySQL\MySQL Shell 8.0\bin\;C:\Users\tailons\AppData\Local\Microsoft\WindowsApps;C:\Users\tailons\AppData\Local\Programs\Microsoft VS Code\bin;C:\Users\tailons\AppData\Roaming\npm;C:\Users\tailons\AppData\Local\GitHubDesktop\bin;C:\Users\tailons\AppData\Local\nvm;C:\nvm4w\nodejs;C:\Program Files\apache-maven-3.9.11\bin;
USERNAME=tailons
OS=Windows_NT
PROCESSOR_IDENTIFIER=Intel64 Family 6 Model 183 Stepping 1, GenuineIntel
TMP=C:\Users\tailons\AppData\Local\Temp\1
TEMP=C:\Users\tailons\AppData\Local\Temp\1




Periodic native trim disabled

---------------  S Y S T E M  ---------------

OS:
 Windows 11 , 64 bit Build 26100 (10.0.26100.6725)
OS uptime: 2 days 21:36 hours
Hyper-V role detected

CPU: total 28 (initial active 28) (14 cores per cpu, 2 threads per core) family 6 model 183 stepping 1 microcode 0x129, cx8, cmov, fxsr, ht, mmx, 3dnowpref, sse, sse2, sse3, ssse3, sse4.1, sse4.2, popcnt, lzcnt, tsc, tscinvbit, avx, avx2, aes, erms, clmul, bmi1, bmi2, adx, sha, fma, vzeroupper, clflush, clflushopt, clwb, hv, serialize, rdtscp, rdpid, fsrm, f16c, cet_ibt, cet_ss
Processor Information for all 28 processors :
  Max Mhz: 2100, Current Mhz: 2100, Mhz Limit: 2100

Memory: 4k page, system-wide physical 32454M (3817M free)
TotalPageFile size 43324M (AvailPageFile size 373M)
current process WorkingSet (physical memory assigned to process): 13M, peak: 13M
current process commit charge ("private bytes"): 86M, peak: 594M

vm_info: Java HotSpot(TM) 64-Bit Server VM (21.0.6+8-LTS-188) for windows-amd64 JRE (21.0.6+8-LTS-188), built on 2024-12-03T10:50:54Z by "mach5one" with MS VC++ 17.6 (VS2022)

END.
